../Core/Src/freertos.c:153:9:CheckSum	24	static
../Core/Src/freertos.c:168:6:DeployDrogueParachute	8	static
../Core/Src/freertos.c:175:6:DeployMainParachute	8	static
../Core/Src/freertos.c:182:7:GetDerivative	32	static
../Core/Src/freertos.c:192:7:GetIntegralAccel	32	static
../Core/Src/freertos.c:202:7:LowPassFilter	24	static
../Core/Src/freertos.c:207:6:SUTDataRead	24	static
../Core/Src/freertos.c:296:6:MX_FREERTOS_Init	8	static
../Core/Src/freertos.c:353:6:StartDefaultTask	16	static
../Core/Src/freertos.c:371:6:TransferUARTData	32	static
../Core/Src/freertos.c:406:6:PullSensorData	16	static
../Core/Src/freertos.c:450:6:AlgorithmSwitch	16	static
../Core/Src/freertos.c:619:6:ReceiveUARTData	24	static
