../Core/Src/freertos.c:150:9:CheckSum	24	static
../Core/Src/freertos.c:165:6:DeployDrogueParachute	8	static
../Core/Src/freertos.c:172:6:DeployMainParachute	8	static
../Core/Src/freertos.c:179:7:GetDerivative	32	static
../Core/Src/freertos.c:189:7:GetIntegralAccel	32	static
../Core/Src/freertos.c:199:7:LowPassFilter	24	static
../Core/Src/freertos.c:204:6:SUTDataRead	24	static
../Core/Src/freertos.c:293:6:MX_FREERTOS_Init	8	static
../Core/Src/freertos.c:350:6:StartDefaultTask	16	static
../Core/Src/freertos.c:368:6:TransferUARTData	32	static
../Core/Src/freertos.c:403:6:PullSensorData	16	static
../Core/Src/freertos.c:447:6:AlgorithmSwitch	16	static
../Core/Src/freertos.c:616:6:ReceiveUARTData	128	static
