../Core/Src/main.c:60:7:CalculateAltitude	32	static
../Core/Src/main.c:68:6:DeployDrogueParachute	8	static
../Core/Src/main.c:74:6:DeployMainParachute	8	static
../Core/Src/main.c:80:6:DetermineGroundPressure	32	static
../Core/Src/main.c:96:7:GetDerivative	32	static
../Core/Src/main.c:106:7:LowPassFilter	24	static
../Core/Src/main.c:111:6:UpdateSensorData	16	static
../Core/Src/main.c:150:5:main	8	static
../Core/Src/main.c:210:6:SystemClock_Config	88	static
../Core/Src/main.c:259:6:HAL_TIM_PeriodElapsedCallback	16	static
../Core/Src/main.c:277:6:Error_Handler	4	static,ignoring_inline_asm
